// Jest Snapshot v1, https://goo.gl/fbAQLP

exports[`App matching snapshot for root component 1`] = `
<div
  className="App"
>
  <header
    className="App-header"
  >
    <h1>
      Link Station Locator
    </h1>
    <div>
      Best link station for point 0, 0 is 0, 0 with power 100.00
    </div>
    <div>
      No link station within reach for point 100, 100
    </div>
    <div>
      Best link station for point 15, 10 is 10, 0 with power 0.67
    </div>
    <div>
      Best link station for point 18, 18 is 20, 20 with power 4.72
    </div>
  </header>
</div>
`;
